<testsuites id="" name="" tests="2" failures="1" skipped="0" errors="0" time="15.517762000000001">
<testsuite name="example2.spec.ts" timestamp="2025-02-16T06:14:15.896Z" hostname="firefox" tests="2" failures="1" skipped="0" time="18.804" errors="0">
<testcase name="has title" classname="example2.spec.ts" time="12.293">
<failure message="example2.spec.ts:6:5 has title" type="FAILURE">
<![CDATA[  [firefox] › example2.spec.ts:6:5 › has title ─────────────────────────────────────────────────────

    Error: Timed out 5000ms waiting for expect(locator).toBeVisible()

    Locator: getByText('Please enter valid Email ID/Mobile numberiii')
    Expected: visible
    Received: <element(s) not found>
    Call log:
      - expect.toBeVisible with timeout 5000ms
      - waiting for getByText('Please enter valid Email ID/Mobile numberiii')


      13 |   await expect(page.locator('//form/div/input[@type="text"]/following-sibling::span/span')).toBeVisible();
      14 |   await expect(page.locator('//form/div/input[@type="text"]/following-sibling::span/span')).toHaveText('Please enter valid Email ID/Mobile number');
    > 15 |   await expect(page.getByText('Please enter valid Email ID/Mobile numberiii')).toBeVisible();
         |                                                                                ^
      16 |   // await expect(page.getByText('Please enter valid Email ID/Mobile number')).toBeVisible();
      17 |
      18 | });
        at /Users/bidyashreepaul/Documents/repos/tests/example2.spec.ts:15:80

    attachment #1: screenshot (image/png) ──────────────────────────────────────────────────────────
    output/example2-has-title-firefox/test-failed-1.png
    ────────────────────────────────────────────────────────────────────────────────────────────────

    attachment #2: trace (application/zip) ─────────────────────────────────────────────────────────
    output/example2-has-title-firefox/trace.zip
    Usage:

        npx playwright show-trace output/example2-has-title-firefox/trace.zip

    ────────────────────────────────────────────────────────────────────────────────────────────────
]]>
</failure>
<system-out>
<![CDATA[
[[ATTACHMENT|output/example2-has-title-firefox/test-failed-1.png]]

[[ATTACHMENT|output/example2-has-title-firefox/trace.zip]]
]]>
</system-out>
</testcase>
<testcase name="has title2" classname="example2.spec.ts" time="6.511">
<system-out>
<![CDATA[
[[ATTACHMENT|output/example2-has-title2-firefox/trace.zip]]
]]>
</system-out>
</testcase>
</testsuite>
</testsuites>